// Jest Snapshot v1, https://goo.gl/fbAQLP

exports[`Test removeConsole 1`] = `
"function foo() {}

const bar = () => {};

const fooBar = console.log;
fooBar();"
`;
